PS C:\Users\7niha\OneDrive\Documents\GitHub\C-activity-sets\set02> gcc problem06.c -O0 -g
PS C:\Users\7niha\OneDrive\Documents\GitHub\C-activity-sets\set02> gdb a.exe
GNU gdb (GDB) 7.6.1
Copyright (C) 2013 Free Software Foundation, Inc.
License GPLv3+: GNU GPL version 3 or later <http://gnu.org/licenses/gpl.html>
This is free software: you are free to change and redistribute it.
There is NO WARRANTY, to the extent permitted by law.  Type "show copying"
and "show warranty" for details.
This GDB was configured as "mingw32".
For bug reporting instructions, please see:
<http://www.gnu.org/software/gdb/bugs/>...
Reading symbols from C:\Users\7niha\OneDrive\Documents\GitHub\C-activity-sets\set02\a.exe...done.
(gdb) b main
Breakpoint 1 at 0x401471: file problem06.c, line 20.
(gdb) r
Starting program: C:\Users\7niha\OneDrive\Documents\GitHub\C-activity-sets\set02/a.exe 
[New Thread 22664.0x5f1c]
[New Thread 22664.0x4728]

Breakpoint 1, main () at problem06.c:20
20          input_string(str);
(gdb) n
enter the string:hello
21          str_reverse(str, reverse_str);
(gdb) n
22          output(str, reverse_str);
(gdb) n
Original string: hello
Reversed string: olleh
23          return 0;
(gdb) n
24      }
(gdb) n
0x00401288 in __register_frame_info ()
(gdb) q
A debugging session is active.

        Inferior 1 [process 22664] will be killed.

Quit anyway? (y or n) y

error return ../../gdb-7.6.1/gdb/windows-nat.c:1275 was 5