PS C:\Users\7niha\OneDrive\Documents\GitHub\C-activity-sets\set02> gcc problem05.c -O0 -g
PS C:\Users\7niha\OneDrive\Documents\GitHub\C-activity-sets\set02> gdb a.exe      
GNU gdb (GDB) 7.6.1
Copyright (C) 2013 Free Software Foundation, Inc.
License GPLv3+: GNU GPL version 3 or later <http://gnu.org/licenses/gpl.html>
This is free software: you are free to change and redistribute it.
There is NO WARRANTY, to the extent permitted by law.  Type "show copying"
and "show warranty" for details.
This GDB was configured as "mingw32".
For bug reporting instructions, please see:
<http://www.gnu.org/software/gdb/bugs/>...
Reading symbols from C:\Users\7niha\OneDrive\Documents\GitHub\C-activity-sets\set02\a.exe...done.
(gdb) b main
Breakpoint 1 at 0x40146e: file problem05.c, line 17.
(gdb) r
Starting program: C:\Users\7niha\OneDrive\Documents\GitHub\C-activity-sets\set02/a.exe 
[New Thread 17904.0x4238]
[New Thread 17904.0x1048]

Breakpoint 1, main () at problem05.c:17
17          a = input();
(gdb) n
enter the number :12
18          b = input();
(gdb) n
enter the number :14
19          gcd = find_gcd(a,b);
(gdb) n
20          output(a,b,gcd);
(gdb) n

The GCD of 12 and 14 is : 2
21          return 0;
(gdb) n
22      }
(gdb) n
0x00401288 in __register_frame_info ()
(gdb) q
A debugging session is active.

        Inferior 1 [process 17904] will be killed.

Quit anyway? (y or n) y
error return ../../gdb-7.6.1/gdb/windows-nat.c:1275 was 5