PS C:\Users\7niha\OneDrive\Documents\GitHub\C-activity-sets\set02> gcc problem07.c -O0 -g
PS C:\Users\7niha\OneDrive\Documents\GitHub\C-activity-sets\set02> gdb a.exe
GNU gdb (GDB) 7.6.1
Copyright (C) 2013 Free Software Foundation, Inc.
License GPLv3+: GNU GPL version 3 or later <http://gnu.org/licenses/gpl.html>
This is free software: you are free to change and redistribute it.    
There is NO WARRANTY, to the extent permitted by law.  Type "show copying"
and "show warranty" for details.
This GDB was configured as "mingw32".
For bug reporting instructions, please see:
<http://www.gnu.org/software/gdb/bugs/>...
Reading symbols from C:\Users\7niha\OneDrive\Documents\GitHub\C-activity-sets\set02\a.exe...done.
(gdb) b main
Breakpoint 1 at 0x40146e: file problem07.c, line 27.
(gdb) r
Starting program: C:\Users\7niha\OneDrive\Documents\GitHub\C-activity-sets\set02/a.exe
[New Thread 3520.0xc4c]
[New Thread 3520.0x367c]

Breakpoint 1, main () at problem07.c:27
27          Tri = input_triangle();
(gdb) n
enter the base of triangle:2
enter the altitude of triangle:3
28          find(&Tri);
(gdb) n
29          output(Tri);
(gdb) n
The area of the triangle with base 2.000000 and height 3.000000 is 3.000000sq units30     return 0;
(gdb) n
31      }
(gdb) n
0x00401288 in __register_frame_info ()
(gdb) n
Single stepping until exit from function __register_frame_info,       
which has no line number information.
0x0040128a in __register_frame_info ()
(gdb) q
A debugging session is active.

        Inferior 1 [process 3520] will be killed.

Quit anyway? (y or n) y

error return ../../gdb-7.6.1/gdb/windows-nat.c:1275 was 5