PS C:\Users\7niha\OneDrive\Documents\GitHub\C-activity-sets\set02> gcc problem04.c -O0 -g
PS C:\Users\7niha\OneDrive\Documents\GitHub\C-activity-sets\set02> gdb a.exe
GNU gdb (GDB) 7.6.1
Copyright (C) 2013 Free Software Foundation, Inc.
License GPLv3+: GNU GPL version 3 or later <http://gnu.org/licenses/gpl.html>
This is free software: you are free to change and redistribute it.
There is NO WARRANTY, to the extent permitted by law.  Type "show copying"
and "show warranty" for details.
This GDB was configured as "mingw32".
For bug reporting instructions, please see:
<http://www.gnu.org/software/gdb/bugs/>...
Reading symbols from C:\Users\7niha\OneDrive\Documents\GitHub\C-activity-sets\set02\a.exe...done.
(gdb) b main
Breakpoint 1 at 0x401477: file problem04.c, line 18.
(gdb) r
Starting program: C:\Users\7niha\OneDrive\Documents\GitHub\C-activity-sets\set02/a.exe 
[New Thread 18668.0x46f0]
[New Thread 18668.0x353c]

Breakpoint 1, 0x00401477 in main () at problem04.c:18
18      {
(gdb) n
19          int n = input_array_size();
(gdb) n
enter the array size:2
20          int a[n];
(gdb) n
21          input_array(n,a);
(gdb) n
enter the number:1
2
22          int sum = sum_composite_numbers(n,a);
(gdb) n
23          output(sum);
(gdb) n
the sum is 0
24      }
(gdb) n
0x00401288 in __register_frame_info ()
(gdb) q
A debugging session is active.

        Inferior 1 [process 18668] will be killed.

Quit anyway? (y or n) y
error return ../../gdb-7.6.1/gdb/windows-nat.c:1275 was 5