PS C:\Users\7niha\OneDrive\Documents\GitHub\C-activity-sets\set01> gdb a.exe
GNU gdb (GDB) 7.6.1
Copyright (C) 2013 Free Software Foundation, Inc.
License GPLv3+: GNU GPL version 3 or later <http://gnu.org/licenses/gpl.html>
This is free software: you are free to change and redistribute it.    
There is NO WARRANTY, to the extent permitted by law.  Type "show copying"
and "show warranty" for details.
This GDB was configured as "mingw32".
For bug reporting instructions, please see:
<http://www.gnu.org/software/gdb/bugs/>...
Reading symbols from C:\Users\7niha\OneDrive\Documents\GitHub\C-activity-sets\set01\a.exe...done.
(gdb) b 49
Breakpoint 1 at 0x401571: file problem10.c, line 49.
(gdb) r
Starting program: C:\Users\7niha\OneDrive\Documents\GitHub\C-activity-sets\set01/a.exe
[New Thread 6708.0x495c]
[New Thread 6708.0x2e38]
enter the first string:hello
enter the second string:hello

Breakpoint 1, output (string1=0x61feb8 "hello", 
    string2=0x61fe54 "hello", result=0) at problem10.c:49
49              printf("%s is equal to %s\n",string1,string2);        
(gdb) n
hello is equal to hello
51      }
(gdb) n
main () at problem10.c:59
59          return 0;
(gdb) n
60      }(gdb) q
A debugging session is active.

        Inferior 1 [process 6708] will be killed.

Quit anyway? (y or n) y

error return ../../gdb-7.6.1/gdb/windows-nat.c:1275 was 5