GNU gdb (GDB) 7.6.1
Copyright (C) 2013 Free Software Foundation, Inc.
License GPLv3+: GNU GPL version 3 or later <http://gnu.org/licenses/gpl.html>
This is free software: you are free to change and redistribute it.
There is NO WARRANTY, to the extent permitted by law.  Type "show copying"
and "show warranty" for details.
This GDB was configured as "mingw32".
For bug reporting instructions, please see:
<http://www.gnu.org/software/gdb/bugs/>...
Reading symbols from C:\Users\7niha\OneDrive\Documents\GitHub\C-activity-sets\set01\a.exe...done.
(gdb) b main
Breakpoint 1 at 0x40146e: file problem02.c, line 6.
(gdb) r
Starting program: C:\Users\7niha\OneDrive\Documents\GitHub\C-activity-sets\set01/a.exe 
[New Thread 24236.0x12f8]
[New Thread 24236.0x5af4]

Breakpoint 1, main () at problem02.c:6
6           x=4,y=7;
(gdb) n
7           sum=x+y;
(gdb) n
8           printf("sum is %d",sum);
(gdb) n
sum is 119          return 0;
(gdb) n
10      }
(gdb) q
A debugging session is active.

        Inferior 1 [process 24236] will be killed.

Quit anyway? (y or n) y
error return ../../gdb-7.6.1/gdb/windows-nat.c:1275 was 5