PS C:\Users\7niha\OneDrive\Documents\GitHub\C-activity-sets\set01> gdb a.exe
GNU gdb (GDB) 7.6.1
Copyright (C) 2013 Free Software Foundation, Inc.
License GPLv3+: GNU GPL version 3 or later <http://gnu.org/licenses/gpl.html>
This is free software: you are free to change and redistribute it.    
There is NO WARRANTY, to the extent permitted by law.  Type "show copying"
and "show warranty" for details.
This GDB was configured as "mingw32".
For bug reporting instructions, please see:
<http://www.gnu.org/software/gdb/bugs/>...
Reading symbols from C:\Users\7niha\OneDrive\Documents\GitHub\C-activity-sets\set01\a.exe...done.
(gdb) b 48
Breakpoint 1 at 0x4014d9: file problem11.c, line 48.
(gdb) r
Starting program: C:\Users\7niha\OneDrive\Documents\GitHub\C-activity-sets\set01/a.exe
[New Thread 14184.0x3b04]
[New Thread 14184.0x30e0]
enter the real part:5
enter the imaginary part:6
enter the real part:7
enter the imaginary part:8

Breakpoint 1, output (a=..., b=..., sum=...) at problem11.c:48        
48          printf("the sum of the two complex numbers is :%.2f +%.2fi\n",sum.real,sum.imaginary);
(gdb) n
the sum of the two complex numbers is :12.00 +14.00i
49      }
(gdb) n
main () at problem11.c:58
58          return 0;
(gdb) n
59      }
(gdb) n
0x00401288 in __register_frame_info ()
(gdb) q
A debugging session is active.

        Inferior 1 [process 14184] will be killed.

Quit anyway? (y or n) y

error return ../../gdb-7.6.1/gdb/windows-nat.c:1275 was 5