PS C:\Users\7niha\OneDrive\Documents\GitHub\C-activity-sets\set01> gdb a.exe
GNU gdb (GDB) 7.6.1
Copyright (C) 2013 Free Software Foundation, Inc.
License GPLv3+: GNU GPL version 3 or later <http://gnu.org/licenses/gpl.html>
This is free software: you are free to change and redistribute it.    
There is NO WARRANTY, to the extent permitted by law.  Type "show copying"
and "show warranty" for details.
This GDB was configured as "mingw32".
For bug reporting instructions, please see:
<http://www.gnu.org/software/gdb/bugs/>...
Reading symbols from C:\Users\7niha\OneDrive\Documents\GitHub\C-activity-sets\set01\a.exe...done.
(gdb) b 36
Breakpoint 1 at 0x4014e2: file problem09.c, line 36.
(gdb) r
Starting program: C:\Users\7niha\OneDrive\Documents\GitHub\C-activity-sets\set01/a.exe
[New Thread 2400.0x31f4]
[New Thread 2400.0x146c]
enter the number:49

Breakpoint 1, output (n=49, sqrroot=7) at problem09.c:36
36          printf("the squareroot of %.2f is %.2f\n",n,sqrroot);
(gdb) n
the squareroot of 49.00 is 7.00
37      }
(gdb) n
main () at problem09.c:44
44          return 0;
(gdb) n
45      }(gdb) q
A debugging session is active.

        Inferior 1 [process 2400] will be killed.

Quit anyway? (y or n) y

error return ../../gdb-7.6.1/gdb/windows-nat.c:1275 was 5