PS C:\Users\7niha\OneDrive\Documents\GitHub\C-activity-sets\set01> gdb a.exe
GNU gdb (GDB) 7.6.1
Copyright (C) 2013 Free Software Foundation, Inc.
License GPLv3+: GNU GPL version 3 or later <http://gnu.org/licenses/gpl.html>
This is free software: you are free to change and redistribute it.    
There is NO WARRANTY, to the extent permitted by law.  Type "show copying"
and "show warranty" for details.
This GDB was configured as "mingw32".
For bug reporting instructions, please see:
<http://www.gnu.org/software/gdb/bugs/>...
Reading symbols from C:\Users\7niha\OneDrive\Documents\GitHub\C-activity-sets\set01\a.exe...done.
(gdb) b 34
Breakpoint 1 at 0x4014bd: file problem07.c, line 34.
(gdb) r
Starting program: C:\Users\7niha\OneDrive\Documents\GitHub\C-activity-sets\set01/a.exe 
[New Thread 14860.0x2388]
[New Thread 14860.0x2e38]
enter the value:7

Breakpoint 1, output (n=7, sum=28) at problem07.c:34
34          printf("sum is %d",sum);
(gdb) n
sum is 2835     }
(gdb) n
main () at problem07.c:43
43          return 0;
(gdb) n
44      }(gdb) q
A debugging session is active.

        Inferior 1 [process 14860] will be killed.

Quit anyway? (y or n) y

error return ../../gdb-7.6.1/gdb/windows-nat.c:1275 was 5