PS C:\Users\7niha\OneDrive\Documents\GitHub\C-activity-sets\set01> gdb a.exe
GNU gdb (GDB) 7.6.1
Copyright (C) 2013 Free Software Foundation, Inc.
License GPLv3+: GNU GPL version 3 or later <http://gnu.org/licenses/gpl.html>
This is free software: you are free to change and redistribute it.    
There is NO WARRANTY, to the extent permitted by law.  Type "show copying"
and "show warranty" for details.
This GDB was configured as "mingw32".
For bug reporting instructions, please see:
<http://www.gnu.org/software/gdb/bugs/>...
Reading symbols from C:\Users\7niha\OneDrive\Documents\GitHub\C-activity-sets\set01\a.exe...done.
(gdb) b 77
Breakpoint 1 at 0x4015c6: file problem12.c, line 77.
(gdb) r
Starting program: C:\Users\7niha\OneDrive\Documents\GitHub\C-activity-sets\set01/a.exe 
[New Thread 13492.0xb6c]
[New Thread 13492.0x1568]
rnter the complex number:3
enter the real part:4
enter the imaginary part:2
enter the real part:3
enter the imaginary part:2
enter the real part:4
enter the imaginary part:2
the sum of the 3 complex numbers is
Breakpoint 1, output (n=3, c=0x61fed0, result=...) at problem12.c:77  
77              printf("%.0f+%0.fi\n",result.real,result.imaginary);
(gdb) n
15+8i
82      }
(gdb) n
main () at problem12.c:91
91          return 0;
(gdb) n
92      }(gdb) q
A debugging session is active.

        Inferior 1 [process 13492] will be killed.

Quit anyway? (y or n) y

error return ../../gdb-7.6.1/gdb/windows-nat.c:1275 was 5